2026-05-05T13:45:30.776+0530	INFO	api/server.go:147	Starting Job Cleanup Worker	{"retention_days": 7}

[1;36mREGIS Pipeline API Server[0m
Version: 1.1.1
──────────────────────────────────────────────────
 • [1mPort[0m             : 3000
 • [1mJob Directory[0m    : ./jobs
 • [1mAPI Key[0m          : db658aa4-e9e5-4800-ac63-587d31669c74
 • [1mExecution Mode[0m   : local
 • [1mRetention Policy[0m : 7 days
 • [1mDocumentation[0m    : http://localhost:3000/swagger/index.html
──────────────────────────────────────────────────


 ┌───────────────────────────────────────────────────┐ 
 │                REGIS Pipeline API                 │ 
 │                  Fiber v2.52.10                   │ 
 │               http://127.0.0.1:3000               │ 
 │       (bound on host 0.0.0.0 and port 3000)       │ 
 │                                                   │ 
 │ Handlers ............ 24  Processes ........... 1 │ 
 │ Prefork ....... Disabled  PID ........... 1857649 │ 
 └───────────────────────────────────────────────────┘ 

